// Jest Snapshot v1, https://goo.gl/fbAQLP

exports[`<About /> should render the heading 1`] = `
<div>
  <h1>
    About
  </h1>
</div>
`;
