// Jest Snapshot v1, https://goo.gl/fbAQLP

exports[`<Input /> should render the heading 1`] = `
<div>
  <h1>
    Input
  </h1>
</div>
`;
